// Jest Snapshot v1, https://jestjs.io/docs/snapshot-testing

exports[`CCIP Sidebar Configuration Snapshot should match the expected sidebar structure snapshot 1`] = `
[
  {
    "contents": [
      {
        "title": "Overview",
        "url": "ccip",
      },
      {
        "chainTypes": [
          "evm",
        ],
        "title": "Getting Started",
        "url": "ccip/getting-started/evm",
      },
      {
        "chainTypes": [
          "solana",
        ],
        "title": "Getting Started",
        "url": "ccip/getting-started/svm",
      },
      {
        "chainTypes": [
          "aptos",
        ],
        "title": "Getting Started",
        "url": "ccip/getting-started/aptos",
      },
      {
        "children": [
          {
            "title": "Mainnet",
            "url": "ccip/directory/mainnet",
          },
          {
            "title": "Testnet",
            "url": "ccip/directory/testnet",
          },
        ],
        "title": "CCIP Directory",
        "url": "ccip/directory",
      },
      {
        "chainTypes": [
          "evm",
        ],
        "title": "Service Limits",
        "url": "ccip/service-limits/evm",
      },
      {
        "chainTypes": [
          "solana",
        ],
        "title": "Service Limits",
        "url": "ccip/service-limits/svm",
      },
      {
        "chainTypes": [
          "aptos",
        ],
        "title": "Service Limits",
        "url": "ccip/service-limits/aptos",
      },
      {
        "title": "Service Responsibility",
        "url": "ccip/service-responsibility",
      },
      {
        "title": "Execution Latency",
        "url": "ccip/ccip-execution-latency",
      },
      {
        "title": "Billing",
        "url": "ccip/billing",
      },
      {
        "title": "Release Notes",
        "url": "https://dev.chain.link/changelog?product=CCIP",
      },
    ],
    "section": "CCIP",
  },
  {
    "contents": [
      {
        "title": "Overview",
        "url": "ccip/concepts/architecture/overview",
      },
      {
        "title": "Key Concepts",
        "url": "ccip/concepts/architecture/key-concepts",
      },
      {
        "chainTypes": [
          "evm",
        ],
        "children": [
          {
            "chainTypes": [
              "evm",
            ],
            "title": "Overview",
            "url": "ccip/concepts/architecture/onchain/evm/overview",
          },
          {
            "chainTypes": [
              "evm",
            ],
            "title": "Components",
            "url": "ccip/concepts/architecture/onchain/evm/components",
          },
          {
            "chainTypes": [
              "evm",
            ],
            "title": "Upgradability",
            "url": "ccip/concepts/architecture/onchain/evm/upgradability",
          },
        ],
        "title": "Onchain Architecture",
        "url": "ccip/concepts/architecture/onchain/evm",
      },
      {
        "chainTypes": [
          "solana",
        ],
        "children": [
          {
            "chainTypes": [
              "solana",
            ],
            "title": "Overview",
            "url": "ccip/concepts/architecture/onchain/svm/overview",
          },
          {
            "chainTypes": [
              "solana",
            ],
            "title": "Components",
            "url": "ccip/concepts/architecture/onchain/svm/components",
          },
          {
            "chainTypes": [
              "solana",
            ],
            "title": "Upgradability",
            "url": "ccip/concepts/architecture/onchain/svm/upgradability",
          },
        ],
        "title": "Onchain Architecture",
        "url": "ccip/concepts/architecture/onchain/svm",
      },
      {
        "chainTypes": [
          "aptos",
        ],
        "children": [
          {
            "chainTypes": [
              "aptos",
            ],
            "title": "Overview",
            "url": "ccip/concepts/architecture/onchain/aptos/overview",
          },
          {
            "chainTypes": [
              "aptos",
            ],
            "title": "Components",
            "url": "ccip/concepts/architecture/onchain/aptos/components",
          },
          {
            "chainTypes": [
              "aptos",
            ],
            "title": "Upgradability",
            "url": "ccip/concepts/architecture/onchain/aptos/upgradability",
          },
        ],
        "title": "Onchain Architecture",
        "url": "ccip/concepts/architecture/onchain/aptos",
      },
      {
        "title": "Offchain Architecture",
        "url": "ccip/concepts/architecture/offchain/overview",
      },
      {
        "children": [
          {
            "title": "Overview",
            "url": "ccip/concepts/cross-chain-token/overview",
          },
          {
            "chainTypes": [
              "evm",
            ],
            "title": "Tokens",
            "url": "ccip/concepts/cross-chain-token/evm/tokens",
          },
          {
            "chainTypes": [
              "evm",
            ],
            "title": "Token Pools",
            "url": "ccip/concepts/cross-chain-token/evm/token-pools",
          },
          {
            "chainTypes": [
              "evm",
            ],
            "title": "Architecture",
            "url": "ccip/concepts/cross-chain-token/evm/architecture",
          },
          {
            "chainTypes": [
              "evm",
            ],
            "title": "Registration and Administration",
            "url": "ccip/concepts/cross-chain-token/evm/registration-administration",
          },
          {
            "chainTypes": [
              "evm",
            ],
            "title": "Upgradability",
            "url": "ccip/concepts/cross-chain-token/evm/upgradability",
          },
          {
            "chainTypes": [
              "solana",
            ],
            "title": "Architecture",
            "url": "ccip/concepts/cross-chain-token/svm/architecture",
          },
          {
            "chainTypes": [
              "solana",
            ],
            "title": "Tokens",
            "url": "ccip/concepts/cross-chain-token/svm/tokens",
          },
          {
            "chainTypes": [
              "solana",
            ],
            "title": "Token Pools",
            "url": "ccip/concepts/cross-chain-token/svm/token-pools",
          },
          {
            "chainTypes": [
              "solana",
            ],
            "title": "Integration Guide",
            "url": "ccip/concepts/cross-chain-token/svm/integration-guide",
          },
          {
            "chainTypes": [
              "solana",
            ],
            "title": "Registration and Administration",
            "url": "ccip/concepts/cross-chain-token/svm/registration-administration",
          },
          {
            "chainTypes": [
              "solana",
            ],
            "title": "Upgradability",
            "url": "ccip/concepts/cross-chain-token/svm/upgradability",
          },
        ],
        "title": "Cross-Chain Token (CCT)",
        "url": "ccip/concepts/cross-chain-token",
      },
      {
        "title": "Manual execution",
        "url": "ccip/concepts/manual-execution",
      },
      {
        "children": [
          {
            "title": "Overview",
            "url": "ccip/concepts/rate-limit-management/overview",
          },
          {
            "title": "How Rate Limits Work",
            "url": "ccip/concepts/rate-limit-management/how-rate-limits-work",
          },
          {
            "title": "Prerequisites and Permissions",
            "url": "ccip/concepts/rate-limit-management/prerequisites-and-permissions",
          },
          {
            "title": "Inspect Current Rate Limits",
            "url": "ccip/concepts/rate-limit-management/inspect-current-rate-limits",
          },
          {
            "title": "Token Units and Decimals",
            "url": "ccip/concepts/rate-limit-management/token-units-and-decimals",
          },
          {
            "title": "Update Rate Limits",
            "url": "ccip/concepts/rate-limit-management/update-rate-limits",
          },
          {
            "title": "Emergency Actions",
            "url": "ccip/concepts/rate-limit-management/emergency-actions",
          },
          {
            "title": "Common Scenarios",
            "url": "ccip/concepts/rate-limit-management/common-scenarios",
          },
          {
            "title": "Executing with a Multisig",
            "url": "ccip/concepts/rate-limit-management/executing-with-a-multisig",
          },
        ],
        "title": "Rate Limit Management",
      },
      {
        "chainTypes": [
          "evm",
        ],
        "title": "Best Practices",
        "url": "ccip/concepts/best-practices/evm",
      },
      {
        "chainTypes": [
          "solana",
        ],
        "title": "Best Practices",
        "url": "ccip/concepts/best-practices/svm",
      },
      {
        "chainTypes": [
          "aptos",
        ],
        "title": "Best Practices",
        "url": "ccip/concepts/best-practices/aptos",
      },
    ],
    "section": "Concepts",
  },
  {
    "contents": [
      {
        "title": "Acquire Test Tokens",
        "url": "ccip/test-tokens",
      },
      {
        "title": "Offchain",
        "url": "ccip/tutorials/offchain",
      },
      {
        "chainTypes": [
          "evm",
        ],
        "title": "Transfer Tokens",
        "url": "ccip/tutorials/evm/transfer-tokens-from-contract",
      },
      {
        "chainTypes": [
          "evm",
        ],
        "title": "Transfer Tokens with Data",
        "url": "ccip/tutorials/evm/programmable-token-transfers",
      },
      {
        "chainTypes": [
          "evm",
        ],
        "title": "Transfer Tokens with Data - Defensive Example",
        "url": "ccip/tutorials/evm/programmable-token-transfers-defensive",
      },
      {
        "chainTypes": [
          "evm",
        ],
        "title": "Using the Token Manager",
        "url": "ccip/tutorials/evm/token-manager",
      },
      {
        "chainTypes": [
          "evm",
        ],
        "children": [
          {
            "chainTypes": [
              "evm",
            ],
            "children": [
              {
                "chainTypes": [
                  "evm",
                ],
                "title": "Deploy and Register from an EOA",
                "url": "ccip/tutorials/evm/cross-chain-tokens/register-from-eoa-remix",
              },
            ],
            "title": "Using Remix IDE",
          },
          {
            "chainTypes": [
              "evm",
            ],
            "children": [
              {
                "chainTypes": [
                  "evm",
                ],
                "highlightAsCurrent": [
                  "ccip/tutorials/evm/cross-chain-tokens/register-from-eoa-burn-mint-foundry",
                ],
                "title": "Register from an EOA (Burn & Mint)",
                "url": "ccip/tutorials/evm/cross-chain-tokens/register-from-eoa-burn-mint-hardhat",
              },
              {
                "chainTypes": [
                  "evm",
                ],
                "highlightAsCurrent": [
                  "ccip/tutorials/evm/cross-chain-tokens/register-from-eoa-lock-mint-foundry",
                ],
                "title": "Register from an EOA (Lock & Mint)",
                "url": "ccip/tutorials/evm/cross-chain-tokens/register-from-eoa-lock-mint-hardhat",
              },
              {
                "chainTypes": [
                  "evm",
                ],
                "highlightAsCurrent": [
                  "ccip/tutorials/evm/cross-chain-tokens/update-rate-limiters-foundry",
                ],
                "title": "Set Token Pool rate limits",
                "url": "ccip/tutorials/evm/cross-chain-tokens/update-rate-limiters-hardhat",
              },
              {
                "chainTypes": [
                  "evm",
                ],
                "title": "Register from a Safe Smart Account (Burn & Mint)",
                "url": "ccip/tutorials/evm/cross-chain-tokens/register-from-safe-burn-mint-hardhat",
              },
              {
                "chainTypes": [
                  "evm",
                ],
                "highlightAsCurrent": [
                  "ccip/tutorials/evm/cross-chain-tokens/configure-additional-networks-foundry",
                ],
                "title": "Configure Additional Networks",
                "url": "ccip/tutorials/evm/cross-chain-tokens/configure-additional-networks-hardhat",
              },
            ],
            "title": "Using Hardhat / Foundry",
          },
        ],
        "title": "Cross-Chain Token (CCT)",
        "url": "ccip/tutorials/evm/cross-chain-tokens",
      },
      {
        "chainTypes": [
          "evm",
        ],
        "title": "Test CCIP Locally",
        "url": "ccip/tutorials/evm/test-ccip-locally",
      },
      {
        "chainTypes": [
          "evm",
        ],
        "title": "Transfer USDC with Data",
        "url": "ccip/tutorials/evm/usdc",
      },
      {
        "chainTypes": [
          "evm",
        ],
        "title": "Send Arbitrary Data",
        "url": "ccip/tutorials/evm/send-arbitrary-data",
      },
      {
        "chainTypes": [
          "evm",
        ],
        "title": "Send Arbitrary Data and Receive Transfer Confirmation: A -> B -> A",
        "url": "ccip/tutorials/evm/send-arbitrary-data-receipt-acknowledgment",
      },
      {
        "chainTypes": [
          "evm",
        ],
        "title": "Manual Execution",
        "url": "ccip/tutorials/evm/manual-execution",
      },
      {
        "chainTypes": [
          "evm",
        ],
        "title": "Optimizing Gas Limit Settings in CCIP Messages",
        "url": "ccip/tutorials/evm/ccipreceive-gaslimit",
      },
      {
        "chainTypes": [
          "solana",
        ],
        "title": "Implement CCIP Receiver",
        "url": "ccip/tutorials/svm/receivers",
      },
      {
        "chainTypes": [
          "solana",
        ],
        "children": [
          {
            "chainTypes": [
              "solana",
            ],
            "title": "Build CCIP Messages",
            "url": "ccip/tutorials/svm/source/build-messages",
          },
          {
            "chainTypes": [
              "solana",
            ],
            "title": "Prerequisites",
            "url": "ccip/tutorials/svm/source/prerequisites",
          },
          {
            "chainTypes": [
              "solana",
            ],
            "title": "Token Transfers",
            "url": "ccip/tutorials/svm/source/token-transfers",
          },
        ],
        "title": "Source",
        "url": "ccip/tutorials/svm/source",
      },
      {
        "chainTypes": [
          "solana",
        ],
        "children": [
          {
            "chainTypes": [
              "solana",
            ],
            "title": "Build CCIP Messages",
            "url": "ccip/tutorials/svm/destination/build-messages",
          },
          {
            "chainTypes": [
              "solana",
            ],
            "title": "Token Transfers",
            "url": "ccip/tutorials/svm/destination/token-transfers",
          },
          {
            "chainTypes": [
              "solana",
            ],
            "title": "Arbitrary Messaging",
            "url": "ccip/tutorials/svm/destination/arbitrary-messaging",
          },
        ],
        "title": "Destination",
        "url": "ccip/tutorials/svm/destination",
      },
      {
        "chainTypes": [
          "solana",
        ],
        "children": [
          {
            "chainTypes": [
              "solana",
            ],
            "title": "BurnMint: Direct Mint Authority Transfer",
            "url": "ccip/tutorials/svm/cross-chain-tokens/direct-mint-authority",
          },
          {
            "chainTypes": [
              "solana",
            ],
            "title": "BurnMint: SPL Token Multisig Tutorial",
            "url": "ccip/tutorials/svm/cross-chain-tokens/spl-token-multisig-tutorial",
          },
          {
            "chainTypes": [
              "solana",
            ],
            "title": "BurnMint: Production Multisig Governance",
            "url": "ccip/tutorials/svm/cross-chain-tokens/production-multisig-tutorial",
          },
          {
            "chainTypes": [
              "solana",
            ],
            "title": "LockRelease: Production Governance",
            "url": "ccip/tutorials/svm/cross-chain-tokens/lock-release-multisig",
          },
        ],
        "title": "Cross-Chain Token (CCT)",
        "url": "ccip/tutorials/svm/cross-chain-tokens",
      },
      {
        "chainTypes": [
          "aptos",
        ],
        "title": "Implement CCIP Receiver",
        "url": "ccip/tutorials/aptos/receivers",
      },
      {
        "chainTypes": [
          "aptos",
        ],
        "children": [
          {
            "chainTypes": [
              "aptos",
            ],
            "title": "Build CCIP Messages",
            "url": "ccip/tutorials/aptos/source/build-messages",
          },
          {
            "chainTypes": [
              "aptos",
            ],
            "title": "Prerequisites",
            "url": "ccip/tutorials/aptos/source/prerequisites",
          },
          {
            "chainTypes": [
              "aptos",
            ],
            "title": "Token Transfers",
            "url": "ccip/tutorials/aptos/source/token-transfers",
          },
        ],
        "title": "Source",
        "url": "ccip/tutorials/aptos/source",
      },
      {
        "chainTypes": [
          "aptos",
        ],
        "children": [
          {
            "chainTypes": [
              "aptos",
            ],
            "title": "Build CCIP Messages",
            "url": "ccip/tutorials/aptos/destination/build-messages",
          },
          {
            "chainTypes": [
              "aptos",
            ],
            "title": "Prerequisites",
            "url": "ccip/tutorials/aptos/destination/prerequisites",
          },
          {
            "chainTypes": [
              "aptos",
            ],
            "title": "Token Transfers",
            "url": "ccip/tutorials/aptos/destination/token-transfers",
          },
          {
            "chainTypes": [
              "aptos",
            ],
            "title": "Arbitrary Messaging",
            "url": "ccip/tutorials/aptos/destination/arbitrary-messaging",
          },
          {
            "chainTypes": [
              "aptos",
            ],
            "title": "Programmable Token Transfers",
            "url": "ccip/tutorials/aptos/destination/programmable-token-transfers",
          },
        ],
        "title": "Destination",
        "url": "ccip/tutorials/aptos/destination",
      },
      {
        "chainTypes": [
          "aptos",
        ],
        "title": "Cross-Chain Token (CCT)",
        "url": "ccip/tutorials/aptos/cross-chain-tokens",
      },
    ],
    "section": "Tutorials",
  },
  {
    "contents": [
      {
        "title": "CCIP Explorer",
        "url": "ccip/tools-resources/ccip-explorer",
      },
      {
        "chainTypes": [
          "evm",
        ],
        "title": "Token Manager",
        "url": "ccip/tools-resources/token-manager",
      },
      {
        "chainTypes": [
          "evm",
        ],
        "children": [
          {
            "chainTypes": [
              "evm",
            ],
            "title": "Hyperliquid Integration Guide",
            "url": "ccip/tools-resources/network-specific/hyperliquid-integration-guide",
          },
          {
            "chainTypes": [
              "evm",
            ],
            "title": "HyperEVM Testnet RPC Guide",
            "url": "ccip/tools-resources/network-specific/hyperevm-testnet-rpc",
          },
          {
            "chainTypes": [
              "evm",
            ],
            "title": "HyperEVM Service Limits",
            "url": "ccip/service-limits/evm/hyperevm",
          },
        ],
        "title": "Network Specific",
        "url": "ccip/tools-resources/network-specific",
      },
      {
        "chainTypes": [
          "evm",
        ],
        "children": [
          {
            "chainTypes": [
              "evm",
            ],
            "children": [
              {
                "title": "Client Library",
                "url": "ccip/api-reference/evm/v1.6.1/client",
              },
              {
                "title": "Internal Library",
                "url": "ccip/api-reference/evm/v1.6.1/internal",
              },
              {
                "title": "ITypeAndVersion",
                "url": "ccip/api-reference/evm/v1.6.1/i-type-and-version",
              },
              {
                "title": "IRouterClient",
                "url": "ccip/api-reference/evm/v1.6.1/i-router-client",
              },
              {
                "title": "FeeQuoter",
                "url": "ccip/api-reference/evm/v1.6.1/fee-quoter",
              },
              {
                "title": "CCIPReceiver",
                "url": "ccip/api-reference/evm/v1.6.1/ccip-receiver",
              },
              {
                "title": "Pool Library",
                "url": "ccip/api-reference/evm/v1.6.1/pool",
              },
              {
                "title": "TokenPool",
                "url": "ccip/api-reference/evm/v1.6.1/token-pool",
              },
              {
                "title": "BurnMintTokenPool",
                "url": "ccip/api-reference/evm/v1.6.1/burn-mint-token-pool",
              },
              {
                "title": "BurnMintTokenPoolAbstract",
                "url": "ccip/api-reference/evm/v1.6.1/burn-mint-token-pool-abstract",
              },
              {
                "title": "BurnFromMintTokenPool",
                "url": "ccip/api-reference/evm/v1.6.1/burn-from-mint-token-pool",
              },
              {
                "title": "LockReleaseTokenPool",
                "url": "ccip/api-reference/evm/v1.6.1/lock-release-token-pool",
              },
              {
                "title": "TokenAdminRegistry",
                "url": "ccip/api-reference/evm/v1.6.1/token-admin-registry",
              },
              {
                "title": "RegistryModuleOwnerCustom",
                "url": "ccip/api-reference/evm/v1.6.1/registry-module-owner-custom",
              },
              {
                "title": "BurnMintERC20",
                "url": "ccip/api-reference/evm/v1.6.1/burn-mint-erc20",
              },
              {
                "title": "RateLimiter Library",
                "url": "ccip/api-reference/evm/v1.6.1/rate-limiter",
              },
              {
                "title": "Errors",
                "url": "ccip/api-reference/evm/v1.6.1/errors",
              },
              {
                "title": "Events",
                "url": "ccip/api-reference/evm/v1.6.1/events",
              },
              {
                "title": "Ownable2Step",
                "url": "ccip/api-reference/evm/v1.6.1/ownable-2-step",
              },
              {
                "title": "Ownable2StepMsgSender",
                "url": "ccip/api-reference/evm/v1.6.1/ownable-2-step-msg-sender",
              },
            ],
            "isCollapsible": true,
            "title": "v1.6.1 (Latest)",
            "url": "ccip/api-reference/evm/v1.6.1",
          },
          {
            "chainTypes": [
              "evm",
            ],
            "children": [
              {
                "title": "Client Library",
                "url": "ccip/api-reference/evm/v1.6.0/client",
              },
              {
                "title": "Internal Library",
                "url": "ccip/api-reference/evm/v1.6.0/internal",
              },
              {
                "title": "ITypeAndVersion",
                "url": "ccip/api-reference/evm/v1.6.0/i-type-and-version",
              },
              {
                "title": "IRouterClient",
                "url": "ccip/api-reference/evm/v1.6.0/i-router-client",
              },
              {
                "title": "FeeQuoter",
                "url": "ccip/api-reference/evm/v1.6.0/fee-quoter",
              },
              {
                "title": "CCIPReceiver",
                "url": "ccip/api-reference/evm/v1.6.0/ccip-receiver",
              },
              {
                "title": "Pool Library",
                "url": "ccip/api-reference/evm/v1.6.0/pool",
              },
              {
                "title": "TokenPool",
                "url": "ccip/api-reference/evm/v1.6.0/token-pool",
              },
              {
                "title": "BurnMintTokenPool",
                "url": "ccip/api-reference/evm/v1.6.0/burn-mint-token-pool",
              },
              {
                "title": "BurnMintTokenPoolAbstract",
                "url": "ccip/api-reference/evm/v1.6.0/burn-mint-token-pool-abstract",
              },
              {
                "title": "BurnFromMintTokenPool",
                "url": "ccip/api-reference/evm/v1.6.0/burn-from-mint-token-pool",
              },
              {
                "title": "LockReleaseTokenPool",
                "url": "ccip/api-reference/evm/v1.6.0/lock-release-token-pool",
              },
              {
                "title": "TokenAdminRegistry",
                "url": "ccip/api-reference/evm/v1.6.0/token-admin-registry",
              },
              {
                "title": "RegistryModuleOwnerCustom",
                "url": "ccip/api-reference/evm/v1.6.0/registry-module-owner-custom",
              },
              {
                "title": "BurnMintERC20",
                "url": "ccip/api-reference/evm/v1.6.0/burn-mint-erc20",
              },
              {
                "title": "RateLimiter Library",
                "url": "ccip/api-reference/evm/v1.6.0/rate-limiter",
              },
              {
                "title": "Errors",
                "url": "ccip/api-reference/evm/v1.6.0/errors",
              },
              {
                "title": "Events",
                "url": "ccip/api-reference/evm/v1.6.0/events",
              },
              {
                "title": "Ownable2Step",
                "url": "ccip/api-reference/evm/v1.6.0/ownable-2-step",
              },
              {
                "title": "Ownable2StepMsgSender",
                "url": "ccip/api-reference/evm/v1.6.0/ownable-2-step-msg-sender",
              },
            ],
            "isCollapsible": true,
            "title": "v1.6.0",
            "url": "ccip/api-reference/evm/v1.6.0",
          },
          {
            "chainTypes": [
              "evm",
            ],
            "children": [
              {
                "title": "Client Library",
                "url": "ccip/api-reference/evm/v1.5.1/client",
              },
              {
                "title": "Internal Library",
                "url": "ccip/api-reference/evm/v1.5.1/internal",
              },
              {
                "title": "ITypeAndVersion",
                "url": "ccip/api-reference/evm/v1.5.1/i-type-and-version",
              },
              {
                "title": "IRouterClient",
                "url": "ccip/api-reference/evm/v1.5.1/i-router-client",
              },
              {
                "title": "FeeQuoter",
                "url": "ccip/api-reference/evm/v1.5.1/fee-quoter",
              },
              {
                "title": "CCIPReceiver",
                "url": "ccip/api-reference/evm/v1.5.1/ccip-receiver",
              },
              {
                "title": "Pool Library",
                "url": "ccip/api-reference/evm/v1.5.1/pool",
              },
              {
                "title": "TokenPool",
                "url": "ccip/api-reference/evm/v1.5.1/token-pool",
              },
              {
                "title": "BurnMintTokenPool",
                "url": "ccip/api-reference/evm/v1.5.1/burn-mint-token-pool",
              },
              {
                "title": "BurnMintTokenPoolAbstract",
                "url": "ccip/api-reference/evm/v1.5.1/burn-mint-token-pool-abstract",
              },
              {
                "title": "BurnFromMintTokenPool",
                "url": "ccip/api-reference/evm/v1.5.1/burn-from-mint-token-pool",
              },
              {
                "title": "LockReleaseTokenPool",
                "url": "ccip/api-reference/evm/v1.5.1/lock-release-token-pool",
              },
              {
                "title": "TokenAdminRegistry",
                "url": "ccip/api-reference/evm/v1.5.1/token-admin-registry",
              },
              {
                "title": "RegistryModuleOwnerCustom",
                "url": "ccip/api-reference/evm/v1.5.1/registry-module-owner-custom",
              },
              {
                "title": "BurnMintERC20",
                "url": "ccip/api-reference/evm/v1.5.1/burn-mint-erc20",
              },
              {
                "title": "RateLimiter Library",
                "url": "ccip/api-reference/evm/v1.5.1/rate-limiter",
              },
              {
                "title": "Errors",
                "url": "ccip/api-reference/evm/v1.5.1/errors",
              },
              {
                "title": "Events",
                "url": "ccip/api-reference/evm/v1.5.1/events",
              },
              {
                "title": "Ownable2Step",
                "url": "ccip/api-reference/evm/v1.5.1/ownable-2-step",
              },
              {
                "title": "Ownable2StepMsgSender",
                "url": "ccip/api-reference/evm/v1.5.1/ownable-2-step-msg-sender",
              },
            ],
            "isCollapsible": true,
            "title": "v1.5.1",
            "url": "ccip/api-reference/evm/v1.5.1",
          },
          {
            "chainTypes": [
              "evm",
            ],
            "children": [
              {
                "title": "Client Library",
                "url": "ccip/api-reference/evm/v1.5.0/client",
              },
              {
                "title": "Internal Library",
                "url": "ccip/api-reference/evm/v1.5.0/internal",
              },
              {
                "title": "ITypeAndVersion",
                "url": "ccip/api-reference/evm/v1.5.0/i-type-and-version",
              },
              {
                "title": "IRouterClient",
                "url": "ccip/api-reference/evm/v1.5.0/i-router-client",
              },
              {
                "title": "CCIPReceiver",
                "url": "ccip/api-reference/evm/v1.5.0/ccip-receiver",
              },
              {
                "title": "Pool Library",
                "url": "ccip/api-reference/evm/v1.5.0/pool",
              },
              {
                "title": "TokenPool",
                "url": "ccip/api-reference/evm/v1.5.0/token-pool",
              },
              {
                "title": "BurnMintTokenPool",
                "url": "ccip/api-reference/evm/v1.5.0/burn-mint-token-pool",
              },
              {
                "title": "BurnMintTokenPoolAbstract",
                "url": "ccip/api-reference/evm/v1.5.0/burn-mint-token-pool-abstract",
              },
              {
                "title": "BurnFromMintTokenPool",
                "url": "ccip/api-reference/evm/v1.5.0/burn-from-mint-token-pool",
              },
              {
                "title": "LockReleaseTokenPool",
                "url": "ccip/api-reference/evm/v1.5.0/lock-release-token-pool",
              },
              {
                "title": "TokenAdminRegistry",
                "url": "ccip/api-reference/evm/v1.5.0/token-admin-registry",
              },
              {
                "title": "RegistryModuleOwnerCustom",
                "url": "ccip/api-reference/evm/v1.5.0/registry-module-owner-custom",
              },
              {
                "title": "Errors",
                "url": "ccip/api-reference/evm/v1.5.0/errors",
              },
              {
                "title": "Events",
                "url": "ccip/api-reference/evm/v1.5.0/events",
              },
            ],
            "isCollapsible": true,
            "title": "v1.5.0",
            "url": "ccip/api-reference/evm/v1.5.0",
          },
        ],
        "title": "API Reference",
        "url": "ccip/api-reference/evm",
      },
      {
        "chainTypes": [
          "solana",
        ],
        "children": [
          {
            "chainTypes": [
              "solana",
            ],
            "children": [
              {
                "title": "Messages",
                "url": "ccip/api-reference/svm/v1.6.0/messages",
              },
              {
                "title": "Router",
                "url": "ccip/api-reference/svm/v1.6.0/router",
              },
              {
                "title": "Receiver",
                "url": "ccip/api-reference/svm/v1.6.0/receiver",
              },
              {
                "title": "Base Token Pool Library",
                "url": "ccip/api-reference/svm/v1.6.0/base-token-pool",
              },
              {
                "title": "BurnMint Token Pool",
                "url": "ccip/api-reference/svm/v1.6.0/burn-mint-token-pool",
              },
              {
                "title": "Lock-Release Token Pool",
                "url": "ccip/api-reference/svm/v1.6.0/lock-release-token-pool",
              },
              {
                "title": "Errors",
                "url": "ccip/api-reference/svm/v1.6.0/errors",
              },
              {
                "title": "Events",
                "url": "ccip/api-reference/svm/v1.6.0/events",
              },
            ],
            "isCollapsible": true,
            "title": "v1.6.0",
            "url": "ccip/api-reference/svm/v1.6.0",
          },
        ],
        "title": "API Reference",
        "url": "ccip/api-reference/svm",
      },
      {
        "chainTypes": [
          "aptos",
        ],
        "children": [
          {
            "chainTypes": [
              "aptos",
            ],
            "children": [
              {
                "title": "Messages",
                "url": "ccip/api-reference/aptos/v1.6.0/messages",
              },
              {
                "title": "Router",
                "url": "ccip/api-reference/aptos/v1.6.0/router",
              },
              {
                "title": "Receiver",
                "url": "ccip/api-reference/aptos/v1.6.0/receiver",
              },
              {
                "title": "Client",
                "url": "ccip/api-reference/aptos/v1.6.0/client",
              },
              {
                "title": "Errors",
                "url": "ccip/api-reference/aptos/v1.6.0/errors",
              },
              {
                "title": "Events",
                "url": "ccip/api-reference/aptos/v1.6.0/events",
              },
            ],
            "isCollapsible": true,
            "title": "v1.6.0",
            "url": "ccip/api-reference/aptos/v1.6.0",
          },
        ],
        "title": "API Reference",
        "url": "ccip/api-reference/aptos",
      },
      {
        "title": "CCIP SDK & CLI",
        "url": "ccip/tools-resources/ccip-tools",
      },
      {
        "title": "Cross-chain Examples",
        "url": "ccip/examples",
      },
    ],
    "section": "Tools and Resources",
  },
]
`;
