// Jest Snapshot v1, https://jestjs.io/docs/snapshot-testing

exports[`CCIP Sidebar Configuration Snapshot should match the expected sidebar structure snapshot 1`] = `
[
  {
    "contents": [
      {
        "chainTypes": [
          "evm",
          "solana",
          "aptos",
        ],
        "pageId": "what-is-ccip",
        "title": "Overview",
        "url": "ccip/v1/overview",
      },
      {
        "chainTypes": [
          "evm",
        ],
        "pageId": "quickstart-evm",
        "title": "Getting Started",
        "url": "ccip/v1/evm/getting-started",
      },
      {
        "chainTypes": [
          "solana",
        ],
        "pageId": "getting-started",
        "title": "Getting Started",
        "url": "ccip/v1/svm/getting-started",
      },
      {
        "chainTypes": [
          "aptos",
        ],
        "pageId": "getting-started",
        "title": "Getting Started",
        "url": "ccip/v1/aptos/getting-started",
      },
      {
        "children": [
          {
            "title": "Mainnet",
            "url": "ccip/directory/mainnet",
          },
          {
            "title": "Testnet",
            "url": "ccip/directory/testnet",
          },
        ],
        "title": "CCIP Directory",
        "url": "ccip/directory",
      },
      {
        "chainTypes": [
          "evm",
        ],
        "pageId": "ccip-service-limits",
        "title": "Service Limits",
        "url": "ccip/v1/evm/service-limits",
      },
      {
        "chainTypes": [
          "solana",
        ],
        "pageId": "ccip-service-limits",
        "title": "Service Limits",
        "url": "ccip/v1/svm/service-limits",
      },
      {
        "chainTypes": [
          "aptos",
        ],
        "pageId": "ccip-service-limits",
        "title": "Service Limits",
        "url": "ccip/v1/aptos/service-limits",
      },
      {
        "chainTypes": [
          "ton",
        ],
        "title": "Service Limits",
        "url": "ccip/v1/ton/service-limits",
      },
      {
        "pageId": "ccip-service-responsibility",
        "title": "Service Responsibility",
        "url": "ccip/v1/service-responsibility",
      },
      {
        "chainTypes": [
          "evm",
          "solana",
          "aptos",
          "ton",
        ],
        "pageId": "ccip-execution-latency",
        "title": "Execution Latency",
        "url": "ccip/v1/ccip-execution-latency",
      },
      {
        "pageId": "ccip-fees-billing",
        "title": "Billing",
        "url": "ccip/v1/billing",
      },
      {
        "title": "Release Notes",
        "url": "https://dev.chain.link/changelog?product=CCIP",
      },
    ],
    "section": "CCIP",
  },
  {
    "contents": [
      {
        "chainTypes": [
          "evm",
          "solana",
          "aptos",
        ],
        "pageId": "ccip-concepts-overview",
        "title": "Overview",
        "url": "ccip/v1/concepts/architecture/overview",
      },
      {
        "chainTypes": [
          "ton",
        ],
        "pageId": "ccip-concepts-overview",
        "title": "Overview",
        "url": "ccip/v1/ton/concepts/architecture/overview",
      },
      {
        "chainTypes": [
          "evm",
          "solana",
          "aptos",
        ],
        "pageId": "ccip-architecture-overview",
        "title": "Key Concepts",
        "url": "ccip/v1/concepts/architecture/key-concepts",
      },
      {
        "chainTypes": [
          "ton",
        ],
        "pageId": "ccip-architecture-overview",
        "title": "Key Concepts",
        "url": "ccip/v1/ton/concepts/architecture/key-concepts",
      },
      {
        "chainTypes": [
          "evm",
        ],
        "children": [
          {
            "chainTypes": [
              "evm",
            ],
            "pageId": "ccip-architecture-overview",
            "title": "Overview",
            "url": "ccip/v1/evm/concepts/architecture/onchain/overview",
          },
          {
            "chainTypes": [
              "evm",
            ],
            "pageId": "ccip-architecture-overview",
            "title": "Components",
            "url": "ccip/v1/evm/concepts/architecture/onchain/components",
          },
          {
            "chainTypes": [
              "evm",
            ],
            "pageId": "ccip-architecture-overview",
            "title": "Upgradability",
            "url": "ccip/v1/evm/concepts/architecture/onchain/upgradability",
          },
        ],
        "pageId": "ccip-architecture-overview",
        "title": "Onchain Architecture",
        "url": "ccip/v1/evm/concepts/architecture/onchain",
      },
      {
        "chainTypes": [
          "solana",
        ],
        "children": [
          {
            "chainTypes": [
              "solana",
            ],
            "pageId": "ccip-architecture-overview",
            "title": "Overview",
            "url": "ccip/v1/svm/concepts/architecture/onchain/overview",
          },
          {
            "chainTypes": [
              "solana",
            ],
            "pageId": "ccip-architecture-overview",
            "title": "Components",
            "url": "ccip/v1/svm/concepts/architecture/onchain/components",
          },
          {
            "chainTypes": [
              "solana",
            ],
            "pageId": "ccip-architecture-overview",
            "title": "Upgradability",
            "url": "ccip/v1/svm/concepts/architecture/onchain/upgradability",
          },
        ],
        "pageId": "ccip-architecture",
        "title": "Onchain Architecture",
        "url": "ccip/v1/svm/concepts/architecture/onchain",
      },
      {
        "chainTypes": [
          "aptos",
        ],
        "children": [
          {
            "chainTypes": [
              "aptos",
            ],
            "pageId": "ccip-architecture-overview",
            "title": "Overview",
            "url": "ccip/v1/aptos/concepts/architecture/onchain/overview",
          },
          {
            "chainTypes": [
              "aptos",
            ],
            "pageId": "ccip-architecture-overview",
            "title": "Components",
            "url": "ccip/v1/aptos/concepts/architecture/onchain/components",
          },
          {
            "chainTypes": [
              "aptos",
            ],
            "pageId": "ccip-architecture-overview",
            "title": "Upgradability",
            "url": "ccip/v1/aptos/concepts/architecture/onchain/upgradability",
          },
        ],
        "pageId": "ccip-architecture",
        "title": "Onchain Architecture",
        "url": "ccip/v1/aptos/concepts/architecture/onchain",
      },
      {
        "chainTypes": [
          "ton",
        ],
        "children": [
          {
            "chainTypes": [
              "ton",
            ],
            "pageId": "ccip-architecture-overview",
            "title": "Overview",
            "url": "ccip/v1/ton/concepts/architecture/onchain/overview",
          },
          {
            "chainTypes": [
              "ton",
            ],
            "pageId": "ccip-architecture-overview",
            "title": "Components",
            "url": "ccip/v1/ton/concepts/architecture/onchain/components",
          },
          {
            "chainTypes": [
              "ton",
            ],
            "pageId": "ccip-architecture-overview",
            "title": "Upgradability",
            "url": "ccip/v1/ton/concepts/architecture/onchain/upgradability",
          },
        ],
        "pageId": "ccip-architecture",
        "title": "Onchain Architecture",
        "url": "ccip/v1/ton/concepts/architecture/onchain",
      },
      {
        "chainTypes": [
          "evm",
          "solana",
          "aptos",
          "ton",
        ],
        "pageId": "ccip-architecture-overview",
        "title": "Offchain Architecture",
        "url": "ccip/v1/concepts/architecture/offchain/overview",
      },
      {
        "chainTypes": [
          "evm",
          "solana",
          "aptos",
        ],
        "children": [
          {
            "chainTypes": [
              "evm",
              "solana",
              "aptos",
            ],
            "pageId": "ccip-cct-overview",
            "title": "Overview",
            "url": "ccip/v1/concepts/cross-chain-token/overview",
          },
          {
            "chainTypes": [
              "evm",
            ],
            "pageId": "ccip-cct-overview",
            "title": "Tokens",
            "url": "ccip/v1/evm/concepts/cross-chain-token/tokens",
          },
          {
            "chainTypes": [
              "evm",
            ],
            "pageId": "ccip-cct-overview",
            "title": "Token Pools",
            "url": "ccip/v1/evm/concepts/cross-chain-token/token-pools",
          },
          {
            "chainTypes": [
              "evm",
            ],
            "pageId": "ccip-cct-evm-architecture",
            "title": "Architecture",
            "url": "ccip/v1/evm/concepts/cross-chain-token/architecture",
          },
          {
            "chainTypes": [
              "evm",
            ],
            "pageId": "ccip-cct-token-issuer-guide",
            "title": "Registration and Administration",
            "url": "ccip/v1/evm/concepts/cross-chain-token/registration-administration",
          },
          {
            "chainTypes": [
              "evm",
            ],
            "pageId": "ccip-cct-evm-technical-reference",
            "title": "Upgradability",
            "url": "ccip/v1/evm/concepts/cross-chain-token/upgradability",
          },
          {
            "chainTypes": [
              "solana",
            ],
            "pageId": "ccip-cct-overview",
            "title": "Architecture",
            "url": "ccip/v1/svm/concepts/cross-chain-token/architecture",
          },
          {
            "chainTypes": [
              "solana",
            ],
            "pageId": "ccip-cct-overview",
            "title": "Tokens",
            "url": "ccip/v1/svm/concepts/cross-chain-token/tokens",
          },
          {
            "chainTypes": [
              "solana",
            ],
            "pageId": "ccip-cct-overview",
            "title": "Token Pools",
            "url": "ccip/v1/svm/concepts/cross-chain-token/token-pools",
          },
          {
            "chainTypes": [
              "solana",
            ],
            "pageId": "ccip-cct-token-mint-authority",
            "title": "Token Mint Authority",
            "url": "ccip/v1/svm/concepts/cross-chain-token/token-mint-authority",
          },
          {
            "chainTypes": [
              "solana",
            ],
            "pageId": "ccip-cct-token-issuer-guide",
            "title": "Integration Guide",
            "url": "ccip/v1/svm/concepts/cross-chain-token/integration-guide",
          },
          {
            "chainTypes": [
              "solana",
            ],
            "pageId": "ccip-cct-token-issuer-guide",
            "title": "Registration and Administration",
            "url": "ccip/v1/svm/concepts/cross-chain-token/registration-administration",
          },
          {
            "chainTypes": [
              "solana",
            ],
            "pageId": "ccip-cct-overview",
            "title": "Upgradability",
            "url": "ccip/v1/svm/concepts/cross-chain-token/upgradability",
          },
        ],
        "pageId": "ccip-ccts",
        "title": "Cross-Chain Token (CCT)",
        "url": "ccip/v1/concepts/cross-chain-token",
      },
      {
        "chainTypes": [
          "evm",
          "solana",
          "aptos",
        ],
        "pageId": "ccip-manual-execution",
        "title": "Manual execution",
        "url": "ccip/v1/concepts/manual-execution",
      },
      {
        "chainTypes": [
          "ton",
        ],
        "pageId": "ccip-manual-execution",
        "title": "Manual execution",
        "url": "ccip/v1/ton/concepts/manual-execution",
      },
      {
        "chainTypes": [
          "evm",
          "solana",
          "aptos",
        ],
        "children": [
          {
            "chainTypes": [
              "evm",
              "solana",
              "aptos",
            ],
            "pageId": "ccip-cct-rate-limits-overview",
            "title": "Overview",
            "url": "ccip/v1/concepts/rate-limit-management/overview",
          },
          {
            "chainTypes": [
              "evm",
              "solana",
              "aptos",
            ],
            "pageId": "ccip-rlm-how-it-works",
            "title": "How Rate Limits Work",
            "url": "ccip/v1/concepts/rate-limit-management/how-rate-limits-work",
          },
          {
            "chainTypes": [
              "evm",
              "solana",
              "aptos",
            ],
            "pageId": "ccip-cct-rate-limits-prerequisites-and-permissions",
            "title": "Prerequisites and Permissions",
            "url": "ccip/v1/concepts/rate-limit-management/prerequisites-and-permissions",
          },
          {
            "chainTypes": [
              "evm",
              "solana",
              "aptos",
            ],
            "pageId": "ccip-cct-rate-limits-inspect-current-rate-limits",
            "title": "Inspect Current Rate Limits",
            "url": "ccip/v1/concepts/rate-limit-management/inspect-current-rate-limits",
          },
          {
            "chainTypes": [
              "evm",
              "solana",
              "aptos",
            ],
            "pageId": "ccip-cct-rate-limits-token-units-and-decimals",
            "title": "Token Units and Decimals",
            "url": "ccip/v1/concepts/rate-limit-management/token-units-and-decimals",
          },
          {
            "chainTypes": [
              "evm",
              "solana",
              "aptos",
            ],
            "pageId": "ccip-cct-rate-limits-update-rate-limits",
            "title": "Update Rate Limits",
            "url": "ccip/v1/concepts/rate-limit-management/update-rate-limits",
          },
          {
            "chainTypes": [
              "evm",
              "solana",
              "aptos",
            ],
            "pageId": "ccip-cct-rate-limits-emergency-actions",
            "title": "Emergency Actions",
            "url": "ccip/v1/concepts/rate-limit-management/emergency-actions",
          },
          {
            "chainTypes": [
              "evm",
              "solana",
              "aptos",
            ],
            "pageId": "ccip-cct-rate-limits-common-scenarios",
            "title": "Common Scenarios",
            "url": "ccip/v1/concepts/rate-limit-management/common-scenarios",
          },
          {
            "chainTypes": [
              "evm",
              "solana",
              "aptos",
            ],
            "pageId": "ccip-cct-rate-limits-executing-with-a-multisig",
            "title": "Executing with a Multisig",
            "url": "ccip/v1/concepts/rate-limit-management/executing-with-a-multisig",
          },
        ],
        "title": "Rate Limit Management",
      },
      {
        "chainTypes": [
          "evm",
        ],
        "pageId": "ccip-best-practices-overview",
        "title": "Best Practices",
        "url": "ccip/v1/evm/concepts/best-practices",
      },
      {
        "chainTypes": [
          "solana",
        ],
        "pageId": "ccip-best-practices-overview",
        "title": "Best Practices",
        "url": "ccip/v1/svm/concepts/best-practices",
      },
      {
        "chainTypes": [
          "aptos",
        ],
        "pageId": "ccip-best-practices-overview",
        "title": "Best Practices",
        "url": "ccip/v1/aptos/concepts/best-practices",
      },
      {
        "chainTypes": [
          "ton",
        ],
        "pageId": "ccip-best-practices-overview",
        "title": "Best Practices",
        "url": "ccip/v1/ton/concepts/best-practices",
      },
    ],
    "section": "Concepts",
  },
  {
    "contents": [
      {
        "chainTypes": [
          "evm",
        ],
        "title": "Overview",
        "url": "ccip/v1/evm/tutorials",
      },
      {
        "chainTypes": [
          "solana",
        ],
        "title": "Overview",
        "url": "ccip/v1/svm/tutorials",
      },
      {
        "chainTypes": [
          "aptos",
        ],
        "title": "Overview",
        "url": "ccip/v1/aptos/tutorials",
      },
      {
        "chainTypes": [
          "ton",
        ],
        "title": "Overview",
        "url": "ccip/v1/ton/tutorials",
      },
      {
        "pageId": "acquire-test-tokens",
        "title": "Acquire Test Tokens",
        "url": "ccip/v1/test-tokens",
      },
      {
        "chainTypes": [
          "evm",
        ],
        "pageId": "transfer-tokens",
        "title": "Transfer Tokens",
        "url": "ccip/v1/evm/tutorials/transfer-tokens-from-contract",
      },
      {
        "chainTypes": [
          "evm",
        ],
        "pageId": "ptt-transfer-with-data",
        "title": "Transfer Tokens with Data",
        "url": "ccip/v1/evm/tutorials/programmable-token-transfers",
      },
      {
        "chainTypes": [
          "evm",
        ],
        "pageId": "ptt-defensive-transfers",
        "title": "Transfer Tokens with Data - Defensive Example",
        "url": "ccip/v1/evm/tutorials/programmable-token-transfers-defensive",
      },
      {
        "chainTypes": [
          "evm",
        ],
        "pageId": "manage-tokens-token-manager",
        "title": "Using the Token Manager",
        "url": "ccip/v1/evm/tutorials/token-manager",
      },
      {
        "chainTypes": [
          "evm",
        ],
        "children": [
          {
            "chainTypes": [
              "evm",
            ],
            "children": [
              {
                "chainTypes": [
                  "evm",
                ],
                "pageId": "deploy-register-eoa-remix",
                "title": "Deploy and Register from an EOA",
                "url": "ccip/v1/evm/tutorials/cross-chain-tokens/register-from-eoa-remix",
              },
            ],
            "title": "Using Remix IDE",
          },
          {
            "chainTypes": [
              "evm",
            ],
            "children": [
              {
                "chainTypes": [
                  "evm",
                ],
                "highlightAsCurrent": [
                  "ccip/v1/evm/tutorials/cross-chain-tokens/register-from-eoa-burn-mint-foundry",
                ],
                "pageId": "register-eoa-burn-mint",
                "title": "Register from an EOA (Burn & Mint)",
                "url": "ccip/v1/evm/tutorials/cross-chain-tokens/register-from-eoa-burn-mint-hardhat",
              },
              {
                "chainTypes": [
                  "evm",
                ],
                "highlightAsCurrent": [
                  "ccip/v1/evm/tutorials/cross-chain-tokens/register-from-eoa-lock-mint-foundry",
                ],
                "pageId": "register-eoa-lock-mint",
                "title": "Register from an EOA (Lock & Mint)",
                "url": "ccip/v1/evm/tutorials/cross-chain-tokens/register-from-eoa-lock-mint-hardhat",
              },
              {
                "chainTypes": [
                  "evm",
                ],
                "highlightAsCurrent": [
                  "ccip/v1/evm/tutorials/cross-chain-tokens/update-rate-limiters-foundry",
                ],
                "pageId": "set-token-pool-rate-limits",
                "title": "Set Token Pool rate limits",
                "url": "ccip/v1/evm/tutorials/cross-chain-tokens/update-rate-limiters-hardhat",
              },
              {
                "chainTypes": [
                  "evm",
                ],
                "pageId": "register-safe-smart-account",
                "title": "Register from a Safe Smart Account (Burn & Mint)",
                "url": "ccip/v1/evm/tutorials/cross-chain-tokens/register-from-safe-burn-mint-hardhat",
              },
              {
                "chainTypes": [
                  "evm",
                ],
                "highlightAsCurrent": [
                  "ccip/v1/evm/tutorials/cross-chain-tokens/configure-additional-networks-foundry",
                ],
                "pageId": "configure-additional-networks",
                "title": "Configure Additional Networks",
                "url": "ccip/v1/evm/tutorials/cross-chain-tokens/configure-additional-networks-hardhat",
              },
            ],
            "title": "Using Hardhat / Foundry",
          },
        ],
        "pageId": "create-cct",
        "title": "Cross-Chain Token (CCT)",
        "url": "ccip/v1/evm/tutorials/cross-chain-tokens",
      },
      {
        "chainTypes": [
          "evm",
        ],
        "pageId": "test-ccip-locally",
        "title": "Test CCIP Locally",
        "url": "ccip/v1/evm/tutorials/test-ccip-locally",
      },
      {
        "chainTypes": [
          "evm",
        ],
        "pageId": "ptt-transfer-usdc",
        "title": "Transfer USDC with Data",
        "url": "ccip/v1/evm/tutorials/usdc",
      },
      {
        "chainTypes": [
          "evm",
        ],
        "pageId": "send-a-message",
        "title": "Send Arbitrary Data",
        "url": "ccip/v1/evm/tutorials/send-arbitrary-data",
      },
      {
        "chainTypes": [
          "evm",
        ],
        "pageId": "confirmation-pattern",
        "title": "Send Arbitrary Data and Receive Transfer Confirmation: A -> B -> A",
        "url": "ccip/v1/evm/tutorials/send-arbitrary-data-receipt-acknowledgment",
      },
      {
        "chainTypes": [
          "evm",
        ],
        "pageId": "manual-execution",
        "title": "Manual Execution",
        "url": "ccip/v1/evm/tutorials/manual-execution",
      },
      {
        "chainTypes": [
          "evm",
        ],
        "pageId": "optimizing-gas-limits",
        "title": "Optimizing Gas Limit Settings in CCIP Messages",
        "url": "ccip/v1/evm/tutorials/ccipreceive-gaslimit",
      },
      {
        "chainTypes": [
          "solana",
        ],
        "pageId": "tutorials-receivers",
        "title": "Implement CCIP Receiver",
        "url": "ccip/v1/svm/tutorials/receivers",
      },
      {
        "chainTypes": [
          "solana",
        ],
        "children": [
          {
            "chainTypes": [
              "solana",
            ],
            "pageId": "tutorials-source-build-messages",
            "title": "Build CCIP Messages",
            "url": "ccip/v1/svm/tutorials/source/build-messages",
          },
          {
            "chainTypes": [
              "solana",
            ],
            "pageId": "tutorials-source-prerequisites",
            "title": "Prerequisites",
            "url": "ccip/v1/svm/tutorials/source/prerequisites",
          },
          {
            "chainTypes": [
              "solana",
            ],
            "pageId": "tutorials-source-token-transfers",
            "title": "Token Transfers",
            "url": "ccip/v1/svm/tutorials/source/token-transfers",
          },
        ],
        "pageId": "tutorials-source",
        "title": "Source",
        "url": "ccip/v1/svm/tutorials/source",
      },
      {
        "chainTypes": [
          "solana",
        ],
        "children": [
          {
            "chainTypes": [
              "solana",
            ],
            "pageId": "tutorials-destination-build-messages",
            "title": "Build CCIP Messages",
            "url": "ccip/v1/svm/tutorials/destination/build-messages",
          },
          {
            "chainTypes": [
              "solana",
            ],
            "pageId": "tutorials-destination-token-transfers",
            "title": "Token Transfers",
            "url": "ccip/v1/svm/tutorials/destination/token-transfers",
          },
          {
            "chainTypes": [
              "solana",
            ],
            "pageId": "tutorials-destination-arbitrary-messaging",
            "title": "Arbitrary Messaging",
            "url": "ccip/v1/svm/tutorials/destination/arbitrary-messaging",
          },
        ],
        "pageId": "tutorials-destination",
        "title": "Destination",
        "url": "ccip/v1/svm/tutorials/destination",
      },
      {
        "chainTypes": [
          "solana",
        ],
        "children": [
          {
            "chainTypes": [
              "solana",
            ],
            "pageId": "tutorials-cct-direct-mint-authority",
            "title": "BurnMint: Direct Mint Authority Transfer",
            "url": "ccip/v1/svm/tutorials/cross-chain-tokens/direct-mint-authority",
          },
          {
            "chainTypes": [
              "solana",
            ],
            "pageId": "tutorials-cct-spl-token-multisig",
            "title": "BurnMint: SPL Token Multisig Tutorial",
            "url": "ccip/v1/svm/tutorials/cross-chain-tokens/spl-token-multisig-tutorial",
          },
          {
            "chainTypes": [
              "solana",
            ],
            "pageId": "tutorials-cct-production-multisig",
            "title": "BurnMint: Production Multisig Governance",
            "url": "ccip/v1/svm/tutorials/cross-chain-tokens/production-multisig-tutorial",
          },
          {
            "chainTypes": [
              "solana",
            ],
            "pageId": "tutorials-cct-lock-release-multisig",
            "title": "LockRelease: Production Governance",
            "url": "ccip/v1/svm/tutorials/cross-chain-tokens/lock-release-multisig",
          },
        ],
        "pageId": "create-cct",
        "title": "Cross-Chain Token (CCT)",
        "url": "ccip/v1/svm/tutorials/cross-chain-tokens",
      },
      {
        "chainTypes": [
          "aptos",
        ],
        "pageId": "tutorials-receivers",
        "title": "Implement CCIP Receiver",
        "url": "ccip/v1/aptos/tutorials/receivers",
      },
      {
        "chainTypes": [
          "aptos",
        ],
        "children": [
          {
            "chainTypes": [
              "aptos",
            ],
            "pageId": "tutorials-source-build-messages",
            "title": "Build CCIP Messages",
            "url": "ccip/v1/aptos/tutorials/source/build-messages",
          },
          {
            "chainTypes": [
              "aptos",
            ],
            "pageId": "tutorials-source-prerequisites",
            "title": "Prerequisites",
            "url": "ccip/v1/aptos/tutorials/source/prerequisites",
          },
          {
            "chainTypes": [
              "aptos",
            ],
            "pageId": "tutorials-source-token-transfers",
            "title": "Token Transfers",
            "url": "ccip/v1/aptos/tutorials/source/token-transfers",
          },
        ],
        "pageId": "tutorials-source",
        "title": "Source",
        "url": "ccip/v1/aptos/tutorials/source",
      },
      {
        "chainTypes": [
          "aptos",
        ],
        "children": [
          {
            "chainTypes": [
              "aptos",
            ],
            "pageId": "tutorials-destination-build-messages",
            "title": "Build CCIP Messages",
            "url": "ccip/v1/aptos/tutorials/destination/build-messages",
          },
          {
            "chainTypes": [
              "aptos",
            ],
            "pageId": "tutorials-destination-prerequisites",
            "title": "Prerequisites",
            "url": "ccip/v1/aptos/tutorials/destination/prerequisites",
          },
          {
            "chainTypes": [
              "aptos",
            ],
            "pageId": "tutorials-destination-token-transfers",
            "title": "Token Transfers",
            "url": "ccip/v1/aptos/tutorials/destination/token-transfers",
          },
          {
            "chainTypes": [
              "aptos",
            ],
            "pageId": "tutorials-destination-arbitrary-messaging",
            "title": "Arbitrary Messaging",
            "url": "ccip/v1/aptos/tutorials/destination/arbitrary-messaging",
          },
          {
            "chainTypes": [
              "aptos",
            ],
            "pageId": "tutorials-destination-programmable-token-transfers",
            "title": "Programmable Token Transfers",
            "url": "ccip/v1/aptos/tutorials/destination/programmable-token-transfers",
          },
        ],
        "pageId": "tutorials-destination",
        "title": "Destination",
        "url": "ccip/v1/aptos/tutorials/destination",
      },
      {
        "chainTypes": [
          "aptos",
        ],
        "pageId": "create-cct",
        "title": "Cross-Chain Token (CCT)",
        "url": "ccip/v1/aptos/tutorials/cross-chain-tokens",
      },
      {
        "chainTypes": [
          "ton",
        ],
        "pageId": "tutorials-receivers",
        "title": "Implement CCIP Receiver",
        "url": "ccip/v1/ton/tutorials/receivers",
      },
      {
        "chainTypes": [
          "ton",
        ],
        "children": [
          {
            "chainTypes": [
              "ton",
            ],
            "pageId": "tutorials-source-build-messages",
            "title": "Build CCIP Messages",
            "url": "ccip/v1/ton/tutorials/source/build-messages",
          },
          {
            "chainTypes": [
              "ton",
            ],
            "pageId": "tutorials-source-prerequisites",
            "title": "Prerequisites",
            "url": "ccip/v1/ton/tutorials/source/prerequisites",
          },
          {
            "chainTypes": [
              "ton",
            ],
            "pageId": "tutorials-source-arbitrary-messaging",
            "title": "Arbitrary Messaging",
            "url": "ccip/v1/ton/tutorials/source/arbitrary-messaging",
          },
        ],
        "pageId": "tutorials-source",
        "title": "Source",
        "url": "ccip/v1/ton/tutorials/source",
      },
      {
        "chainTypes": [
          "ton",
        ],
        "children": [
          {
            "chainTypes": [
              "ton",
            ],
            "pageId": "tutorials-destination-build-messages",
            "title": "Build CCIP Messages",
            "url": "ccip/v1/ton/tutorials/destination/build-messages",
          },
          {
            "chainTypes": [
              "ton",
            ],
            "pageId": "tutorials-destination-prerequisites",
            "title": "Prerequisites",
            "url": "ccip/v1/ton/tutorials/destination/prerequisites",
          },
          {
            "chainTypes": [
              "ton",
            ],
            "pageId": "tutorials-destination-arbitrary-messaging",
            "title": "Arbitrary Messaging",
            "url": "ccip/v1/ton/tutorials/destination/arbitrary-messaging",
          },
        ],
        "pageId": "tutorials-destination",
        "title": "Destination",
        "url": "ccip/v1/ton/tutorials/destination",
      },
    ],
    "section": "Tutorials",
  },
  {
    "contents": [
      {
        "pageId": "ui-explorer",
        "title": "CCIP Explorer",
        "url": "ccip/v1/tools-resources/ccip-explorer",
      },
      {
        "chainTypes": [
          "evm",
        ],
        "pageId": "ui-token-manager",
        "title": "Token Manager",
        "url": "ccip/v1/evm/tools-resources/token-manager",
      },
      {
        "chainTypes": [
          "evm",
        ],
        "children": [
          {
            "chainTypes": [
              "evm",
            ],
            "pageId": "hyperliquid-integration-guide",
            "title": "Hyperliquid Integration Guide",
            "url": "ccip/v1/evm/tools-resources/network-specific/hyperliquid-integration-guide",
          },
          {
            "chainTypes": [
              "evm",
            ],
            "pageId": "hyperevm-testnet-rpc-guide",
            "title": "HyperEVM Testnet RPC Guide",
            "url": "ccip/v1/evm/tools-resources/network-specific/hyperevm-testnet-rpc",
          },
          {
            "chainTypes": [
              "evm",
            ],
            "title": "Tempo Integration Guide",
            "url": "ccip/v1/evm/tools-resources/network-specific/tempo-integration-guide",
          },
          {
            "chainTypes": [
              "evm",
            ],
            "pageId": "hyperevm-service-limits",
            "title": "HyperEVM Service Limits",
            "url": "ccip/v1/evm/service-limits/hyperevm",
          },
        ],
        "pageId": "tools-network-specific",
        "title": "Network Specific",
        "url": "ccip/v1/evm/tools-resources/network-specific",
      },
      {
        "chainTypes": [
          "evm",
        ],
        "children": [
          {
            "chainTypes": [
              "evm",
            ],
            "children": [
              {
                "title": "Client Library",
                "url": "ccip/v1/evm/api-reference/v1.6.1/client",
              },
              {
                "title": "Internal Library",
                "url": "ccip/v1/evm/api-reference/v1.6.1/internal",
              },
              {
                "title": "ITypeAndVersion",
                "url": "ccip/v1/evm/api-reference/v1.6.1/i-type-and-version",
              },
              {
                "title": "IRouterClient",
                "url": "ccip/v1/evm/api-reference/v1.6.1/i-router-client",
              },
              {
                "title": "FeeQuoter",
                "url": "ccip/v1/evm/api-reference/v1.6.1/fee-quoter",
              },
              {
                "title": "CCIPReceiver",
                "url": "ccip/v1/evm/api-reference/v1.6.1/ccip-receiver",
              },
              {
                "title": "Pool Library",
                "url": "ccip/v1/evm/api-reference/v1.6.1/pool",
              },
              {
                "title": "TokenPool",
                "url": "ccip/v1/evm/api-reference/v1.6.1/token-pool",
              },
              {
                "title": "BurnMintTokenPool",
                "url": "ccip/v1/evm/api-reference/v1.6.1/burn-mint-token-pool",
              },
              {
                "title": "BurnMintTokenPoolAbstract",
                "url": "ccip/v1/evm/api-reference/v1.6.1/burn-mint-token-pool-abstract",
              },
              {
                "title": "BurnFromMintTokenPool",
                "url": "ccip/v1/evm/api-reference/v1.6.1/burn-from-mint-token-pool",
              },
              {
                "title": "LockReleaseTokenPool",
                "url": "ccip/v1/evm/api-reference/v1.6.1/lock-release-token-pool",
              },
              {
                "title": "TokenAdminRegistry",
                "url": "ccip/v1/evm/api-reference/v1.6.1/token-admin-registry",
              },
              {
                "title": "RegistryModuleOwnerCustom",
                "url": "ccip/v1/evm/api-reference/v1.6.1/registry-module-owner-custom",
              },
              {
                "title": "BurnMintERC20",
                "url": "ccip/v1/evm/api-reference/v1.6.1/burn-mint-erc20",
              },
              {
                "title": "RateLimiter Library",
                "url": "ccip/v1/evm/api-reference/v1.6.1/rate-limiter",
              },
              {
                "title": "Errors",
                "url": "ccip/v1/evm/api-reference/v1.6.1/errors",
              },
              {
                "title": "Events",
                "url": "ccip/v1/evm/api-reference/v1.6.1/events",
              },
              {
                "title": "Ownable2Step",
                "url": "ccip/v1/evm/api-reference/v1.6.1/ownable-2-step",
              },
              {
                "title": "Ownable2StepMsgSender",
                "url": "ccip/v1/evm/api-reference/v1.6.1/ownable-2-step-msg-sender",
              },
            ],
            "isCollapsible": true,
            "pageId": "evm-api-v2-0-0-overview",
            "title": "v1.6.1 (Latest)",
            "url": "ccip/v1/evm/api-reference/v1.6.1",
          },
          {
            "chainTypes": [
              "evm",
            ],
            "children": [
              {
                "title": "Client Library",
                "url": "ccip/v1/evm/api-reference/v1.6.0/client",
              },
              {
                "title": "Internal Library",
                "url": "ccip/v1/evm/api-reference/v1.6.0/internal",
              },
              {
                "title": "ITypeAndVersion",
                "url": "ccip/v1/evm/api-reference/v1.6.0/i-type-and-version",
              },
              {
                "title": "IRouterClient",
                "url": "ccip/v1/evm/api-reference/v1.6.0/i-router-client",
              },
              {
                "title": "FeeQuoter",
                "url": "ccip/v1/evm/api-reference/v1.6.0/fee-quoter",
              },
              {
                "title": "CCIPReceiver",
                "url": "ccip/v1/evm/api-reference/v1.6.0/ccip-receiver",
              },
              {
                "title": "Pool Library",
                "url": "ccip/v1/evm/api-reference/v1.6.0/pool",
              },
              {
                "title": "TokenPool",
                "url": "ccip/v1/evm/api-reference/v1.6.0/token-pool",
              },
              {
                "title": "BurnMintTokenPool",
                "url": "ccip/v1/evm/api-reference/v1.6.0/burn-mint-token-pool",
              },
              {
                "title": "BurnMintTokenPoolAbstract",
                "url": "ccip/v1/evm/api-reference/v1.6.0/burn-mint-token-pool-abstract",
              },
              {
                "title": "BurnFromMintTokenPool",
                "url": "ccip/v1/evm/api-reference/v1.6.0/burn-from-mint-token-pool",
              },
              {
                "title": "LockReleaseTokenPool",
                "url": "ccip/v1/evm/api-reference/v1.6.0/lock-release-token-pool",
              },
              {
                "title": "TokenAdminRegistry",
                "url": "ccip/v1/evm/api-reference/v1.6.0/token-admin-registry",
              },
              {
                "title": "RegistryModuleOwnerCustom",
                "url": "ccip/v1/evm/api-reference/v1.6.0/registry-module-owner-custom",
              },
              {
                "title": "BurnMintERC20",
                "url": "ccip/v1/evm/api-reference/v1.6.0/burn-mint-erc20",
              },
              {
                "title": "RateLimiter Library",
                "url": "ccip/v1/evm/api-reference/v1.6.0/rate-limiter",
              },
              {
                "title": "Errors",
                "url": "ccip/v1/evm/api-reference/v1.6.0/errors",
              },
              {
                "title": "Events",
                "url": "ccip/v1/evm/api-reference/v1.6.0/events",
              },
              {
                "title": "Ownable2Step",
                "url": "ccip/v1/evm/api-reference/v1.6.0/ownable-2-step",
              },
              {
                "title": "Ownable2StepMsgSender",
                "url": "ccip/v1/evm/api-reference/v1.6.0/ownable-2-step-msg-sender",
              },
            ],
            "isCollapsible": true,
            "pageId": "evm-api-v2-0-0-overview",
            "title": "v1.6.0",
            "url": "ccip/v1/evm/api-reference/v1.6.0",
          },
          {
            "chainTypes": [
              "evm",
            ],
            "children": [
              {
                "title": "Client Library",
                "url": "ccip/v1/evm/api-reference/v1.5.1/client",
              },
              {
                "title": "Internal Library",
                "url": "ccip/v1/evm/api-reference/v1.5.1/internal",
              },
              {
                "title": "ITypeAndVersion",
                "url": "ccip/v1/evm/api-reference/v1.5.1/i-type-and-version",
              },
              {
                "title": "IRouterClient",
                "url": "ccip/v1/evm/api-reference/v1.5.1/i-router-client",
              },
              {
                "title": "FeeQuoter",
                "url": "ccip/v1/evm/api-reference/v1.5.1/fee-quoter",
              },
              {
                "title": "CCIPReceiver",
                "url": "ccip/v1/evm/api-reference/v1.5.1/ccip-receiver",
              },
              {
                "title": "Pool Library",
                "url": "ccip/v1/evm/api-reference/v1.5.1/pool",
              },
              {
                "title": "TokenPool",
                "url": "ccip/v1/evm/api-reference/v1.5.1/token-pool",
              },
              {
                "title": "BurnMintTokenPool",
                "url": "ccip/v1/evm/api-reference/v1.5.1/burn-mint-token-pool",
              },
              {
                "title": "BurnMintTokenPoolAbstract",
                "url": "ccip/v1/evm/api-reference/v1.5.1/burn-mint-token-pool-abstract",
              },
              {
                "title": "BurnFromMintTokenPool",
                "url": "ccip/v1/evm/api-reference/v1.5.1/burn-from-mint-token-pool",
              },
              {
                "title": "LockReleaseTokenPool",
                "url": "ccip/v1/evm/api-reference/v1.5.1/lock-release-token-pool",
              },
              {
                "title": "TokenAdminRegistry",
                "url": "ccip/v1/evm/api-reference/v1.5.1/token-admin-registry",
              },
              {
                "title": "RegistryModuleOwnerCustom",
                "url": "ccip/v1/evm/api-reference/v1.5.1/registry-module-owner-custom",
              },
              {
                "title": "BurnMintERC20",
                "url": "ccip/v1/evm/api-reference/v1.5.1/burn-mint-erc20",
              },
              {
                "title": "RateLimiter Library",
                "url": "ccip/v1/evm/api-reference/v1.5.1/rate-limiter",
              },
              {
                "title": "Errors",
                "url": "ccip/v1/evm/api-reference/v1.5.1/errors",
              },
              {
                "title": "Events",
                "url": "ccip/v1/evm/api-reference/v1.5.1/events",
              },
              {
                "title": "Ownable2Step",
                "url": "ccip/v1/evm/api-reference/v1.5.1/ownable-2-step",
              },
              {
                "title": "Ownable2StepMsgSender",
                "url": "ccip/v1/evm/api-reference/v1.5.1/ownable-2-step-msg-sender",
              },
            ],
            "isCollapsible": true,
            "pageId": "evm-api-v2-0-0-overview",
            "title": "v1.5.1",
            "url": "ccip/v1/evm/api-reference/v1.5.1",
          },
          {
            "chainTypes": [
              "evm",
            ],
            "children": [
              {
                "title": "Client Library",
                "url": "ccip/v1/evm/api-reference/v1.5.0/client",
              },
              {
                "title": "Internal Library",
                "url": "ccip/v1/evm/api-reference/v1.5.0/internal",
              },
              {
                "title": "ITypeAndVersion",
                "url": "ccip/v1/evm/api-reference/v1.5.0/i-type-and-version",
              },
              {
                "title": "IRouterClient",
                "url": "ccip/v1/evm/api-reference/v1.5.0/i-router-client",
              },
              {
                "title": "CCIPReceiver",
                "url": "ccip/v1/evm/api-reference/v1.5.0/ccip-receiver",
              },
              {
                "title": "Pool Library",
                "url": "ccip/v1/evm/api-reference/v1.5.0/pool",
              },
              {
                "title": "TokenPool",
                "url": "ccip/v1/evm/api-reference/v1.5.0/token-pool",
              },
              {
                "title": "BurnMintTokenPool",
                "url": "ccip/v1/evm/api-reference/v1.5.0/burn-mint-token-pool",
              },
              {
                "title": "BurnMintTokenPoolAbstract",
                "url": "ccip/v1/evm/api-reference/v1.5.0/burn-mint-token-pool-abstract",
              },
              {
                "title": "BurnFromMintTokenPool",
                "url": "ccip/v1/evm/api-reference/v1.5.0/burn-from-mint-token-pool",
              },
              {
                "title": "LockReleaseTokenPool",
                "url": "ccip/v1/evm/api-reference/v1.5.0/lock-release-token-pool",
              },
              {
                "title": "TokenAdminRegistry",
                "url": "ccip/v1/evm/api-reference/v1.5.0/token-admin-registry",
              },
              {
                "title": "RegistryModuleOwnerCustom",
                "url": "ccip/v1/evm/api-reference/v1.5.0/registry-module-owner-custom",
              },
              {
                "title": "Errors",
                "url": "ccip/v1/evm/api-reference/v1.5.0/errors",
              },
              {
                "title": "Events",
                "url": "ccip/v1/evm/api-reference/v1.5.0/events",
              },
            ],
            "isCollapsible": true,
            "pageId": "evm-api-v2-0-0-overview",
            "title": "v1.5.0",
            "url": "ccip/v1/evm/api-reference/v1.5.0",
          },
        ],
        "pageId": "solidity-interfaces-contracts",
        "title": "Solidity Interfaces & Contracts",
        "url": "ccip/v1/evm/api-reference",
      },
      {
        "chainTypes": [
          "solana",
        ],
        "children": [
          {
            "chainTypes": [
              "solana",
            ],
            "children": [
              {
                "title": "Messages",
                "url": "ccip/v1/svm/api-reference/v1.6.0/messages",
              },
              {
                "title": "Router",
                "url": "ccip/v1/svm/api-reference/v1.6.0/router",
              },
              {
                "title": "Receiver",
                "url": "ccip/v1/svm/api-reference/v1.6.0/receiver",
              },
              {
                "title": "Base Token Pool Library",
                "url": "ccip/v1/svm/api-reference/v1.6.0/base-token-pool",
              },
              {
                "title": "BurnMint Token Pool",
                "url": "ccip/v1/svm/api-reference/v1.6.0/burn-mint-token-pool",
              },
              {
                "title": "Lock-Release Token Pool",
                "url": "ccip/v1/svm/api-reference/v1.6.0/lock-release-token-pool",
              },
              {
                "title": "Errors",
                "url": "ccip/v1/svm/api-reference/v1.6.0/errors",
              },
              {
                "title": "Events",
                "url": "ccip/v1/svm/api-reference/v1.6.0/events",
              },
            ],
            "isCollapsible": true,
            "pageId": "tools-api-svm-v160",
            "title": "v1.6.0",
            "url": "ccip/v1/svm/api-reference/v1.6.0",
          },
        ],
        "pageId": "tools-api-reference",
        "title": "SVM Program Interfaces",
        "url": "ccip/v1/svm/api-reference",
      },
      {
        "chainTypes": [
          "aptos",
        ],
        "children": [
          {
            "chainTypes": [
              "aptos",
            ],
            "children": [
              {
                "title": "Messages",
                "url": "ccip/v1/aptos/api-reference/v1.6.0/messages",
              },
              {
                "title": "Router",
                "url": "ccip/v1/aptos/api-reference/v1.6.0/router",
              },
              {
                "title": "Receiver",
                "url": "ccip/v1/aptos/api-reference/v1.6.0/receiver",
              },
              {
                "title": "Client",
                "url": "ccip/v1/aptos/api-reference/v1.6.0/client",
              },
              {
                "title": "Errors",
                "url": "ccip/v1/aptos/api-reference/v1.6.0/errors",
              },
              {
                "title": "Events",
                "url": "ccip/v1/aptos/api-reference/v1.6.0/events",
              },
            ],
            "isCollapsible": true,
            "pageId": "tools-api-aptos-v160",
            "title": "v1.6.0",
            "url": "ccip/v1/aptos/api-reference/v1.6.0",
          },
        ],
        "pageId": "tools-api-reference",
        "title": "Move Modules Interface",
        "url": "ccip/v1/aptos/api-reference",
      },
      {
        "chainTypes": [
          "ton",
        ],
        "children": [
          {
            "chainTypes": [
              "ton",
            ],
            "pageId": "tools-api-ton-v160",
            "title": "v1.6.0",
            "url": "ccip/v1/ton/api-reference/v1.6.0",
          },
          {
            "chainTypes": [
              "ton",
            ],
            "pageId": "tools-api-ton-starter-kit-helpers",
            "title": "TON Starter Kit Helpers",
            "url": "ccip/v1/ton/api-reference/starter-kit-helpers",
          },
        ],
        "pageId": "tools-api-reference",
        "title": "API Reference",
        "url": "ccip/v1/ton/api-reference",
      },
      {
        "title": "CCIP API, SDK & CLI",
        "url": "https://docs.chain.link/ccip/tools",
      },
      {
        "pageId": "tools-examples",
        "title": "Cross-chain Examples",
        "url": "ccip/v1/examples",
      },
    ],
    "section": "Tools and Resources",
  },
]
`;
